// Jest Snapshot v1, https://goo.gl/fbAQLP

exports[`Test Suite for App Snapshot test  1`] = `
<div
  className="App"
>
  <h1>
    Welcome to My Page !!!
  </h1>
  <br />
  <h2>
     Hi Welcome to Rele
  </h2>
</div>
`;
